// Jest Snapshot v1, https://goo.gl/fbAQLP

exports[`hot topics component matches snapshot 1`] = `
Object {
  "asFragment": [Function],
  "baseElement": <body>
    <div>
      <div
        class="css-0"
      >
        <h2
          class="chakra-heading css-0"
        >
          Top-6 country news:
        </h2>
        <div
          class="css-0"
        >
          <div
            class="css-0"
          >
            <img
              class="chakra-image css-0"
              src="flag"
            />
            <div
              class="chakra-stack css-0"
            >
              <h2
                class="chakra-heading css-0"
              >
                Shock content
              </h2>
              <p
                class="chakra-text css-0"
              >
                Shock content happened
              </p>
              <div
                class="css-0"
              >
                <p
                  class="chakra-text css-0"
                >
                  Author: Petya
                </p>
                <p
                  class="chakra-text css-0"
                >
                  Monday, August 29, 2022 at 10:00:28 AM GMT+2
                </p>
                <a
                  class="chakra-link css-0"
                  href="some url"
                  rel="noopener"
                  target="_blank"
                >
                  Read full article
                </a>
              </div>
            </div>
          </div>
          <div
            class="css-0"
          >
            <img
              class="chakra-image css-0"
              src="flag"
            />
            <div
              class="chakra-stack css-0"
            >
              <h2
                class="chakra-heading css-0"
              >
                extra Shock content
              </h2>
              <p
                class="chakra-text css-0"
              >
                Shock content happened twice
              </p>
              <div
                class="css-0"
              >
                <p
                  class="chakra-text css-0"
                >
                  Author: Vasya
                </p>
                <p
                  class="chakra-text css-0"
                >
                  Thursday, September 29, 2022 at 10:00:28 AM GMT+2
                </p>
                <a
                  class="chakra-link css-0"
                  href="some url2"
                  rel="noopener"
                  target="_blank"
                >
                  Read full article
                </a>
              </div>
            </div>
          </div>
        </div>
      </div>
    </div>
  </body>,
  "container": <div>
    <div
      class="css-0"
    >
      <h2
        class="chakra-heading css-0"
      >
        Top-6 country news:
      </h2>
      <div
        class="css-0"
      >
        <div
          class="css-0"
        >
          <img
            class="chakra-image css-0"
            src="flag"
          />
          <div
            class="chakra-stack css-0"
          >
            <h2
              class="chakra-heading css-0"
            >
              Shock content
            </h2>
            <p
              class="chakra-text css-0"
            >
              Shock content happened
            </p>
            <div
              class="css-0"
            >
              <p
                class="chakra-text css-0"
              >
                Author: Petya
              </p>
              <p
                class="chakra-text css-0"
              >
                Monday, August 29, 2022 at 10:00:28 AM GMT+2
              </p>
              <a
                class="chakra-link css-0"
                href="some url"
                rel="noopener"
                target="_blank"
              >
                Read full article
              </a>
            </div>
          </div>
        </div>
        <div
          class="css-0"
        >
          <img
            class="chakra-image css-0"
            src="flag"
          />
          <div
            class="chakra-stack css-0"
          >
            <h2
              class="chakra-heading css-0"
            >
              extra Shock content
            </h2>
            <p
              class="chakra-text css-0"
            >
              Shock content happened twice
            </p>
            <div
              class="css-0"
            >
              <p
                class="chakra-text css-0"
              >
                Author: Vasya
              </p>
              <p
                class="chakra-text css-0"
              >
                Thursday, September 29, 2022 at 10:00:28 AM GMT+2
              </p>
              <a
                class="chakra-link css-0"
                href="some url2"
                rel="noopener"
                target="_blank"
              >
                Read full article
              </a>
            </div>
          </div>
        </div>
      </div>
    </div>
  </div>,
  "debug": [Function],
  "findAllByAltText": [Function],
  "findAllByDisplayValue": [Function],
  "findAllByLabelText": [Function],
  "findAllByPlaceholderText": [Function],
  "findAllByRole": [Function],
  "findAllByTestId": [Function],
  "findAllByText": [Function],
  "findAllByTitle": [Function],
  "findByAltText": [Function],
  "findByDisplayValue": [Function],
  "findByLabelText": [Function],
  "findByPlaceholderText": [Function],
  "findByRole": [Function],
  "findByTestId": [Function],
  "findByText": [Function],
  "findByTitle": [Function],
  "getAllByAltText": [Function],
  "getAllByDisplayValue": [Function],
  "getAllByLabelText": [Function],
  "getAllByPlaceholderText": [Function],
  "getAllByRole": [Function],
  "getAllByTestId": [Function],
  "getAllByText": [Function],
  "getAllByTitle": [Function],
  "getByAltText": [Function],
  "getByDisplayValue": [Function],
  "getByLabelText": [Function],
  "getByPlaceholderText": [Function],
  "getByRole": [Function],
  "getByTestId": [Function],
  "getByText": [Function],
  "getByTitle": [Function],
  "queryAllByAltText": [Function],
  "queryAllByDisplayValue": [Function],
  "queryAllByLabelText": [Function],
  "queryAllByPlaceholderText": [Function],
  "queryAllByRole": [Function],
  "queryAllByTestId": [Function],
  "queryAllByText": [Function],
  "queryAllByTitle": [Function],
  "queryByAltText": [Function],
  "queryByDisplayValue": [Function],
  "queryByLabelText": [Function],
  "queryByPlaceholderText": [Function],
  "queryByRole": [Function],
  "queryByTestId": [Function],
  "queryByText": [Function],
  "queryByTitle": [Function],
  "rerender": [Function],
  "unmount": [Function],
}
`;
